===== 2026-01-11T07:39:19+01:00 Starting renew-all =====
Saving debug log to /var/log/letsencrypt/letsencrypt.log

- - - - - - - - - - - - - - - - - - - - - - - - - - - - - - - - - - - - - - - -
Processing /etc/letsencrypt/renewal/admin.marin.cr.conf
- - - - - - - - - - - - - - - - - - - - - - - - - - - - - - - - - - - - - - - -
Renewal configuration file /etc/letsencrypt/renewal/admin.marin.cr.conf is broken.
The error was: expected /opt/infra/proxy/letsencrypt/live/admin.marin.cr/cert.pem to be a symlink
Skipping.

- - - - - - - - - - - - - - - - - - - - - - - - - - - - - - - - - - - - - - - -
Processing /etc/letsencrypt/renewal/pgadmin.marin.cr.conf
- - - - - - - - - - - - - - - - - - - - - - - - - - - - - - - - - - - - - - - -
Certificate not yet due for renewal

- - - - - - - - - - - - - - - - - - - - - - - - - - - - - - - - - - - - - - - -
The following certificates are not due for renewal yet:
  /etc/letsencrypt/live/pgadmin.marin.cr/fullchain.pem expires on 2026-04-11 (skipped)
No renewals were attempted.

Additionally, the following renewal configurations were invalid: 
  /etc/letsencrypt/renewal/admin.marin.cr.conf (parsefail)
- - - - - - - - - - - - - - - - - - - - - - - - - - - - - - - - - - - - - - - -
0 renew failure(s), 1 parse failure(s)
Ask for help or search for solutions at https://community.letsencrypt.org. See the logfile /var/log/letsencrypt/letsencrypt.log or re-run Certbot with -v for more details.
===== 2026-01-11T07:46:26+01:00 Starting renew-all =====
Saving debug log to /var/log/letsencrypt/letsencrypt.log

- - - - - - - - - - - - - - - - - - - - - - - - - - - - - - - - - - - - - - - -
Processing /etc/letsencrypt/renewal/admin.marin.cr.conf
- - - - - - - - - - - - - - - - - - - - - - - - - - - - - - - - - - - - - - - -
Renewal configuration file /etc/letsencrypt/renewal/admin.marin.cr.conf is broken.
The error was: expected /opt/infra/proxy/letsencrypt/live/admin.marin.cr/cert.pem to be a symlink
Skipping.

- - - - - - - - - - - - - - - - - - - - - - - - - - - - - - - - - - - - - - - -
Processing /etc/letsencrypt/renewal/pgadmin.marin.cr.conf
- - - - - - - - - - - - - - - - - - - - - - - - - - - - - - - - - - - - - - - -
Certificate not yet due for renewal

- - - - - - - - - - - - - - - - - - - - - - - - - - - - - - - - - - - - - - - -
The following certificates are not due for renewal yet:
  /etc/letsencrypt/live/pgadmin.marin.cr/fullchain.pem expires on 2026-04-11 (skipped)
No renewals were attempted.

Additionally, the following renewal configurations were invalid: 
  /etc/letsencrypt/renewal/admin.marin.cr.conf (parsefail)
- - - - - - - - - - - - - - - - - - - - - - - - - - - - - - - - - - - - - - - -
0 renew failure(s), 1 parse failure(s)
Ask for help or search for solutions at https://community.letsencrypt.org. See the logfile /var/log/letsencrypt/letsencrypt.log or re-run Certbot with -v for more details.
===== 2026-01-11T07:48:38+01:00 Starting renew-all =====
Saving debug log to /var/log/letsencrypt/letsencrypt.log

- - - - - - - - - - - - - - - - - - - - - - - - - - - - - - - - - - - - - - - -
Processing /etc/letsencrypt/renewal/admin.marin.cr.conf
- - - - - - - - - - - - - - - - - - - - - - - - - - - - - - - - - - - - - - - -
Renewal configuration file /etc/letsencrypt/renewal/admin.marin.cr.conf is broken.
The error was: expected /opt/infra/proxy/letsencrypt/live/admin.marin.cr/cert.pem to be a symlink
Skipping.

- - - - - - - - - - - - - - - - - - - - - - - - - - - - - - - - - - - - - - - -
Processing /etc/letsencrypt/renewal/pgadmin.marin.cr.conf
- - - - - - - - - - - - - - - - - - - - - - - - - - - - - - - - - - - - - - - -
Certificate not yet due for renewal

- - - - - - - - - - - - - - - - - - - - - - - - - - - - - - - - - - - - - - - -
The following certificates are not due for renewal yet:
  /etc/letsencrypt/live/pgadmin.marin.cr/fullchain.pem expires on 2026-04-11 (skipped)
No renewals were attempted.

Additionally, the following renewal configurations were invalid: 
  /etc/letsencrypt/renewal/admin.marin.cr.conf (parsefail)
- - - - - - - - - - - - - - - - - - - - - - - - - - - - - - - - - - - - - - - -
0 renew failure(s), 1 parse failure(s)
Ask for help or search for solutions at https://community.letsencrypt.org. See the logfile /var/log/letsencrypt/letsencrypt.log or re-run Certbot with -v for more details.
